mode: set
github.com/banggibima/go-english-test-platform/internal/auth/handler.go:15.44,19.2 1 0
github.com/banggibima/go-english-test-platform/internal/auth/handler.go:32.44,35.47 2 0
github.com/banggibima/go-english-test-platform/internal/auth/handler.go:35.47,38.3 2 0
github.com/banggibima/go-english-test-platform/internal/auth/handler.go:40.2,40.48 1 0
github.com/banggibima/go-english-test-platform/internal/auth/handler.go:40.48,43.3 2 0
github.com/banggibima/go-english-test-platform/internal/auth/handler.go:45.2,46.16 2 0
github.com/banggibima/go-english-test-platform/internal/auth/handler.go:46.16,49.3 2 0
github.com/banggibima/go-english-test-platform/internal/auth/handler.go:51.2,51.69 1 0
github.com/banggibima/go-english-test-platform/internal/auth/handler.go:66.41,69.47 2 0
github.com/banggibima/go-english-test-platform/internal/auth/handler.go:69.47,72.3 2 0
github.com/banggibima/go-english-test-platform/internal/auth/handler.go:74.2,74.48 1 0
github.com/banggibima/go-english-test-platform/internal/auth/handler.go:74.48,77.3 2 0
github.com/banggibima/go-english-test-platform/internal/auth/handler.go:79.2,80.16 2 0
github.com/banggibima/go-english-test-platform/internal/auth/handler.go:80.16,83.3 2 0
github.com/banggibima/go-english-test-platform/internal/auth/handler.go:85.2,85.61 1 0
github.com/banggibima/go-english-test-platform/internal/auth/handler.go:100.48,103.47 2 0
github.com/banggibima/go-english-test-platform/internal/auth/handler.go:103.47,106.3 2 0
github.com/banggibima/go-english-test-platform/internal/auth/handler.go:108.2,108.48 1 0
github.com/banggibima/go-english-test-platform/internal/auth/handler.go:108.48,111.3 2 0
github.com/banggibima/go-english-test-platform/internal/auth/handler.go:113.2,114.16 2 0
github.com/banggibima/go-english-test-platform/internal/auth/handler.go:114.16,117.3 2 0
github.com/banggibima/go-english-test-platform/internal/auth/handler.go:119.2,119.69 1 0
github.com/banggibima/go-english-test-platform/internal/auth/repository.go:15.50,17.2 1 0
github.com/banggibima/go-english-test-platform/internal/auth/repository.go:19.85,36.16 4 0
github.com/banggibima/go-english-test-platform/internal/auth/repository.go:36.16,37.36 1 0
github.com/banggibima/go-english-test-platform/internal/auth/repository.go:37.36,39.4 1 0
github.com/banggibima/go-english-test-platform/internal/auth/repository.go:41.3,41.18 1 0
github.com/banggibima/go-english-test-platform/internal/auth/repository.go:44.2,44.19 1 0
github.com/banggibima/go-english-test-platform/internal/auth/repository.go:47.72,82.2 2 0
github.com/banggibima/go-english-test-platform/internal/auth/repository.go:84.87,121.16 4 0
github.com/banggibima/go-english-test-platform/internal/auth/repository.go:121.16,122.36 1 0
github.com/banggibima/go-english-test-platform/internal/auth/repository.go:122.36,124.4 1 0
github.com/banggibima/go-english-test-platform/internal/auth/repository.go:126.3,126.18 1 0
github.com/banggibima/go-english-test-platform/internal/auth/repository.go:129.2,129.19 1 0
github.com/banggibima/go-english-test-platform/internal/auth/repository.go:132.80,142.2 3 0
github.com/banggibima/go-english-test-platform/internal/auth/repository.go:144.89,171.2 2 0
github.com/banggibima/go-english-test-platform/internal/auth/repository.go:173.96,197.16 4 0
github.com/banggibima/go-english-test-platform/internal/auth/repository.go:197.16,198.36 1 0
github.com/banggibima/go-english-test-platform/internal/auth/repository.go:198.36,200.4 1 0
github.com/banggibima/go-english-test-platform/internal/auth/repository.go:202.3,202.18 1 0
github.com/banggibima/go-english-test-platform/internal/auth/repository.go:205.2,205.27 1 0
github.com/banggibima/go-english-test-platform/internal/auth/repository.go:208.82,217.2 3 0
github.com/banggibima/go-english-test-platform/internal/auth/repository.go:219.81,256.16 4 0
github.com/banggibima/go-english-test-platform/internal/auth/repository.go:256.16,257.36 1 0
github.com/banggibima/go-english-test-platform/internal/auth/repository.go:257.36,259.4 1 0
github.com/banggibima/go-english-test-platform/internal/auth/repository.go:261.3,261.18 1 0
github.com/banggibima/go-english-test-platform/internal/auth/repository.go:264.2,264.19 1 0
github.com/banggibima/go-english-test-platform/internal/auth/routes.go:7.64,13.2 4 0
github.com/banggibima/go-english-test-platform/internal/auth/service.go:31.78,36.2 1 1
github.com/banggibima/go-english-test-platform/internal/auth/service.go:38.93,40.16 2 1
github.com/banggibima/go-english-test-platform/internal/auth/service.go:40.16,42.3 1 0
github.com/banggibima/go-english-test-platform/internal/auth/service.go:44.2,44.25 1 1
github.com/banggibima/go-english-test-platform/internal/auth/service.go:44.25,46.3 1 1
github.com/banggibima/go-english-test-platform/internal/auth/service.go:48.2,49.16 2 1
github.com/banggibima/go-english-test-platform/internal/auth/service.go:49.16,51.3 1 0
github.com/banggibima/go-english-test-platform/internal/auth/service.go:53.2,53.17 1 1
github.com/banggibima/go-english-test-platform/internal/auth/service.go:53.17,55.3 1 1
github.com/banggibima/go-english-test-platform/internal/auth/service.go:57.2,58.16 2 1
github.com/banggibima/go-english-test-platform/internal/auth/service.go:58.16,60.3 1 0
github.com/banggibima/go-english-test-platform/internal/auth/service.go:62.2,69.59 2 1
github.com/banggibima/go-english-test-platform/internal/auth/service.go:69.59,71.3 1 0
github.com/banggibima/go-english-test-platform/internal/auth/service.go:73.2,73.42 1 1
github.com/banggibima/go-english-test-platform/internal/auth/service.go:76.87,78.16 2 1
github.com/banggibima/go-english-test-platform/internal/auth/service.go:78.16,80.3 1 1
github.com/banggibima/go-english-test-platform/internal/auth/service.go:82.2,82.17 1 1
github.com/banggibima/go-english-test-platform/internal/auth/service.go:82.17,84.3 1 1
github.com/banggibima/go-english-test-platform/internal/auth/service.go:86.2,86.20 1 1
github.com/banggibima/go-english-test-platform/internal/auth/service.go:86.20,88.3 1 1
github.com/banggibima/go-english-test-platform/internal/auth/service.go:90.2,90.73 1 1
github.com/banggibima/go-english-test-platform/internal/auth/service.go:90.73,92.3 1 1
github.com/banggibima/go-english-test-platform/internal/auth/service.go:94.2,94.67 1 1
github.com/banggibima/go-english-test-platform/internal/auth/service.go:94.67,96.3 1 0
github.com/banggibima/go-english-test-platform/internal/auth/service.go:98.2,98.42 1 1
github.com/banggibima/go-english-test-platform/internal/auth/service.go:101.101,103.16 2 1
github.com/banggibima/go-english-test-platform/internal/auth/service.go:103.16,105.3 1 0
github.com/banggibima/go-english-test-platform/internal/auth/service.go:107.2,107.25 1 1
github.com/banggibima/go-english-test-platform/internal/auth/service.go:107.25,109.3 1 1
github.com/banggibima/go-english-test-platform/internal/auth/service.go:111.2,111.35 1 1
github.com/banggibima/go-english-test-platform/internal/auth/service.go:111.35,113.3 1 0
github.com/banggibima/go-english-test-platform/internal/auth/service.go:115.2,115.46 1 1
github.com/banggibima/go-english-test-platform/internal/auth/service.go:115.46,117.3 1 1
github.com/banggibima/go-english-test-platform/internal/auth/service.go:119.2,120.16 2 1
github.com/banggibima/go-english-test-platform/internal/auth/service.go:120.16,122.3 1 0
github.com/banggibima/go-english-test-platform/internal/auth/service.go:124.2,124.17 1 1
github.com/banggibima/go-english-test-platform/internal/auth/service.go:124.17,126.3 1 0
github.com/banggibima/go-english-test-platform/internal/auth/service.go:128.2,128.79 1 1
github.com/banggibima/go-english-test-platform/internal/auth/service.go:128.79,130.3 1 0
github.com/banggibima/go-english-test-platform/internal/auth/service.go:132.2,132.42 1 1
github.com/banggibima/go-english-test-platform/internal/auth/service.go:135.96,142.16 2 1
github.com/banggibima/go-english-test-platform/internal/auth/service.go:142.16,144.3 1 0
github.com/banggibima/go-english-test-platform/internal/auth/service.go:146.2,147.16 2 1
github.com/banggibima/go-english-test-platform/internal/auth/service.go:147.16,149.3 1 0
github.com/banggibima/go-english-test-platform/internal/auth/service.go:151.2,157.75 2 1
github.com/banggibima/go-english-test-platform/internal/auth/service.go:157.75,159.3 1 0
github.com/banggibima/go-english-test-platform/internal/auth/service.go:161.2,173.8 1 1
github.com/banggibima/go-english-test-platform/internal/auth/service.go:176.52,179.2 2 1
github.com/banggibima/go-english-test-platform/internal/auth/service.go:181.51,183.2 1 1
github.com/banggibima/go-english-test-platform/internal/auth/service.go:185.54,188.44 2 1
github.com/banggibima/go-english-test-platform/internal/auth/service.go:188.44,190.3 1 0
github.com/banggibima/go-english-test-platform/internal/auth/service.go:192.2,192.39 1 1
